nbatch= 1
SIZE= 401
Lx,Ly= 4 4
D= 2
rate= 0.1 0.5
cond= 0.001 0.001
nparams= 288
	burn in time= 6.520579814910889
	sample time= 51.44903755187988
	contraction err= 0.0 0.0

Mean energy: -7.11719564e+00
Block size    # of blocks        Mean                Error
     1           50000       -7.11719564e+00       2.762048e-03
     2           25000       -7.11719564e+00       2.757305e-03
     5           10000       -7.11719564e+00       2.754508e-03
    10           5000       -7.11719564e+00       2.753946e-03
    20           2500       -7.11719564e+00       2.777347e-03
    50           1000       -7.11719564e+00       2.798912e-03
    70            714       -7.11716022e+00       2.692265e-03
   100            500       -7.11719564e+00       2.743833e-03
   200            250       -7.11719564e+00       2.618595e-03
   500            100       -7.11719564e+00       2.524148e-03
0 0.0027620482456708023 0.0025241477980209822
Stocahstic error estimate: 2.762048e-03

step=0,E=-0.44482472779617216,dE=-0.44482472779617216,err=0.00017262801535442514,gmax=0.03888454329318758
	collect data time= 0.8991913795471191
niter= 37
	solver time=2.0568761825561523,exit status=0
	g=0.21430987996766582,del=5.212970671671934,dot=0.2772554925336165,x=5.156529335697638
	burn in time= 6.5342347621917725
	sample time= 51.09242796897888
	contraction err= 0.0 0.0

Mean energy: -7.16775497e+00
Block size    # of blocks        Mean                Error
     1           50000       -7.16775497e+00       2.529023e-03
     2           25000       -7.16775497e+00       2.516823e-03
     5           10000       -7.16775497e+00       2.534346e-03
    10           5000       -7.16775497e+00       2.514031e-03
    20           2500       -7.16775497e+00       2.540359e-03
    50           1000       -7.16775497e+00       2.663981e-03
    70            714       -7.16772856e+00       2.691583e-03
   100            500       -7.16775497e+00       2.742626e-03
   200            250       -7.16775497e+00       2.714608e-03
   500            100       -7.16775497e+00       2.656331e-03
0 0.0025290233744194334 0.002656331184124781
Stocahstic error estimate: 2.529023e-03

step=1,E=-0.4479846858720784,dE=-0.003159958075906244,err=0.0001580639609012146,gmax=0.0576304990933828
	collect data time= 1.1938965320587158
	solver time=0.05463123321533203,exit status=0
niter= 38
	g=0.265069736999123,del=2.9124940033802895,dot=0.2052911033807516,x=5.198854975131341
	burn in time= 6.769044637680054
	sample time= 50.805379152297974
	contraction err= 0.0 0.0

Mean energy: -7.20180601e+00
Block size    # of blocks        Mean                Error
     1           50000       -7.20180601e+00       2.454153e-03
     2           25000       -7.20180601e+00       2.451690e-03
     5           10000       -7.20180601e+00       2.469197e-03
    10           5000       -7.20180601e+00       2.489368e-03
    20           2500       -7.20180601e+00       2.475548e-03
    50           1000       -7.20180601e+00       2.536734e-03
    70            714       -7.20172174e+00       2.532309e-03
   100            500       -7.20180601e+00       2.547297e-03
   200            250       -7.20180601e+00       2.637349e-03
   500            100       -7.20180601e+00       2.738884e-03
0 0.002454153095140575 0.0027388844171271944
Stocahstic error estimate: 2.454153e-03

step=2,E=-0.4501128756480865,dE=-0.0021281897760080937,err=0.00015338456844628593,gmax=0.0612282728812551
	collect data time= 1.798593521118164
	solver time=0.10254073143005371,exit status=0
niter= 39
	g=0.2985898545835046,del=2.6769651151255345,dot=0.1729131177269701,x=5.232136234839112
	burn in time= 6.730867147445679
	sample time= 50.518043994903564
	contraction err= 0.0 0.0

Mean energy: -7.22563681e+00
Block size    # of blocks        Mean                Error
     1           50000       -7.22563681e+00       2.310340e-03
     2           25000       -7.22563681e+00       2.302592e-03
     5           10000       -7.22563681e+00       2.285056e-03
    10           5000       -7.22563681e+00       2.289791e-03
    20           2500       -7.22563681e+00       2.322971e-03
    50           1000       -7.22563681e+00       2.259037e-03
    70            714       -7.22558745e+00       2.251620e-03
   100            500       -7.22563681e+00       2.259713e-03
   200            250       -7.22563681e+00       2.335196e-03
   500            100       -7.22563681e+00       2.331639e-03
0 0.0023103395725284272 0.0023316390331823127
Stocahstic error estimate: 2.310340e-03

step=3,E=-0.4516023007130773,dE=-0.0014894250649907792,err=0.0001443962232830267,gmax=0.06462400677499147
	collect data time= 2.4101343154907227
	solver time=0.07841253280639648,exit status=0
	g=0.3102184180372863,del=2.5413055567410847,dot=0.14219805102261174,x=5.2608506459853945
niter= 40
	burn in time= 6.505521059036255
	sample time= 50.24506330490112
	contraction err= 0.0 0.0

Mean energy: -7.24695234e+00
Block size    # of blocks        Mean                Error
     1           50000       -7.24695234e+00       2.375445e-03
     2           25000       -7.24695234e+00       2.367984e-03
     5           10000       -7.24695234e+00       2.369468e-03
    10           5000       -7.24695234e+00       2.390709e-03
    20           2500       -7.24695234e+00       2.426238e-03
    50           1000       -7.24695234e+00       2.381448e-03
    70            714       -7.24697346e+00       2.458532e-03
   100            500       -7.24695234e+00       2.489950e-03
   200            250       -7.24695234e+00       2.520709e-03
   500            100       -7.24695234e+00       2.833392e-03
0 0.002375445172268858 0.002833391774677992
Stocahstic error estimate: 2.375445e-03

step=4,E=-0.45293452102291754,dE=-0.0013322203098402596,err=0.00014846532326680362,gmax=0.07060583886666616
	collect data time= 3.18941330909729
	solver time=0.09087800979614258,exit status=0
niter= 40
	g=0.31326821267163735,del=2.66378152097831,dot=0.1345942842111288,x=5.26875188778802
	burn in time= 6.574047803878784
	sample time= 49.93505835533142
	contraction err= 0.0 0.0

Mean energy: -7.26411487e+00
Block size    # of blocks        Mean                Error
     1           50000       -7.26411487e+00       2.178567e-03
     2           25000       -7.26411487e+00       2.159888e-03
     5           10000       -7.26411487e+00       2.170531e-03
    10           5000       -7.26411487e+00       2.171820e-03
    20           2500       -7.26411487e+00       2.185556e-03
    50           1000       -7.26411487e+00       2.189423e-03
    70            714       -7.26413696e+00       2.187541e-03
   100            500       -7.26411487e+00       2.092186e-03
   200            250       -7.26411487e+00       2.183044e-03
   500            100       -7.26411487e+00       2.474555e-03
0 0.002178567493906032 0.0024745549506880495
Stocahstic error estimate: 2.178567e-03

step=5,E=-0.45400717914633293,dE=-0.0010726581234153931,err=0.000136160468369127,gmax=0.051447260967496966
	collect data time= 3.699988842010498
	solver time=0.0578463077545166,exit status=0
	g=0.30808108880581886,del=2.451607148142725,dot=0.11329856793986509,x=5.290648972659854
niter= 39
	burn in time= 6.615861654281616
	sample time= 49.691879749298096
	contraction err= 0.0 0.0

Mean energy: -7.28601922e+00
Block size    # of blocks        Mean                Error
     1           50000       -7.28601922e+00       2.061026e-03
     2           25000       -7.28601922e+00       2.060800e-03
     5           10000       -7.28601922e+00       2.053890e-03
    10           5000       -7.28601922e+00       2.048560e-03
    20           2500       -7.28601922e+00       2.077666e-03
    50           1000       -7.28601922e+00       2.076579e-03
    70            714       -7.28600964e+00       2.069869e-03
   100            500       -7.28601922e+00       2.073647e-03
   200            250       -7.28601922e+00       1.988619e-03
   500            100       -7.28601922e+00       2.112349e-03
0 0.0020610262239908663 0.002112348741171614
Stocahstic error estimate: 2.061026e-03

step=6,E=-0.45537620102817455,dE=-0.0013690218818416255,err=0.00012881413899942914,gmax=0.05304961352826343
	collect data time= 4.318899393081665
	solver time=0.16259002685546875,exit status=0
niter= 39
	g=0.3049990780361004,del=2.4940848180296182,dot=0.09800484300409301,x=5.31857534660515
	burn in time= 6.40688419342041
	sample time= 49.35880208015442
	contraction err= 0.0 0.0

Mean energy: -7.30277869e+00
Block size    # of blocks        Mean                Error
     1           50000       -7.30277869e+00       2.185967e-03
     2           25000       -7.30277869e+00       2.184170e-03
     5           10000       -7.30277869e+00       2.198399e-03
    10           5000       -7.30277869e+00       2.187965e-03
    20           2500       -7.30277869e+00       2.184500e-03
    50           1000       -7.30277869e+00       2.161004e-03
    70            714       -7.30272965e+00       2.132172e-03
   100            500       -7.30277869e+00       2.068800e-03
   200            250       -7.30277869e+00       2.170651e-03
   500            100       -7.30277869e+00       2.283499e-03
0 0.0021859669713397865 0.0022834985211680047
Stocahstic error estimate: 2.185967e-03

step=7,E=-0.4564236684206725,dE=-0.0010474673924979472,err=0.00013662293570873666,gmax=0.06981478948638675
	collect data time= 4.951014280319214
	solver time=0.09180212020874023,exit status=0
	g=0.3099149262812695,del=2.248049906257548,dot=0.10312457728320867,x=5.330474365807958
niter= 40
	burn in time= 6.697476863861084
	sample time= 49.047857999801636
	contraction err= 0.0 0.0

Mean energy: -7.31110618e+00
Block size    # of blocks        Mean                Error
     1           50000       -7.31110618e+00       2.340003e-03
     2           25000       -7.31110618e+00       2.329263e-03
     5           10000       -7.31110618e+00       2.313793e-03
    10           5000       -7.31110618e+00       2.337005e-03
    20           2500       -7.31110618e+00       2.331377e-03
    50           1000       -7.31110618e+00       2.309172e-03
    70            714       -7.31113939e+00       2.212500e-03
   100            500       -7.31110618e+00       2.234553e-03
   200            250       -7.31110618e+00       2.333136e-03
   500            100       -7.31110618e+00       2.515803e-03
0 0.002340003191119678 0.0025158027698323486
Stocahstic error estimate: 2.340003e-03

step=8,E=-0.4569441361409922,dE=-0.0005204677203197172,err=0.00014625019944497988,gmax=0.0520294920344031
	collect data time= 5.753112554550171
	solver time=0.06943988800048828,exit status=0
niter= 42
	g=0.28849255189931794,del=2.5063037659447436,dot=0.11255408746729284,x=5.356206185051312
	burn in time= 6.277681350708008
	sample time= 48.74616003036499
	contraction err= 0.0 0.0

Mean energy: -7.32377741e+00
Block size    # of blocks        Mean                Error
     1           50000       -7.32377741e+00       2.215203e-03
     2           25000       -7.32377741e+00       2.215483e-03
     5           10000       -7.32377741e+00       2.220574e-03
    10           5000       -7.32377741e+00       2.248640e-03
    20           2500       -7.32377741e+00       2.273307e-03
    50           1000       -7.32377741e+00       2.316973e-03
    70            714       -7.32371772e+00       2.262010e-03
   100            500       -7.32377741e+00       2.371484e-03
   200            250       -7.32377741e+00       2.264759e-03
   500            100       -7.32377741e+00       2.283399e-03
0 0.0022154832588677947 0.002283398798008142
Stocahstic error estimate: 2.215483e-03

step=9,E=-0.4577360883294047,dE=-0.0007919521884124925,err=0.00013846770367923717,gmax=0.050122445003106586
	collect data time= 6.289739608764648
	solver time=0.05692744255065918,exit status=0
	g=0.2836942363370194,del=2.338994756974827,dot=0.08492048366787891,x=5.379243748435308
niter= 42
[0m[0m[0m[0m[0m[0m[0m[0m[0m[0m[0m[0m[0m[0m[0m[0m[0m[0m[0m[0m[0m[0m[0m[0m[0m[0m[0m[0m[0m[0m[0m[0m[0m[0m[0m[0m[0m[0m[0m[0m[0m[0m[0m[0m[0m[0m[0m[0m[0m[0m[0m[0m[0m[0m[0m[0m[0m[0m[0m[0m[0m[0m[0m[0m[0m[0m[0m[0m[0m[0m[0m[0m[0m[0m[0m[0m[0m[0m[0m[0m[0m[0m[0m[0m[0m[0m[0m[0m[0m[0m[0m[0m[0m[0m[0m[0m[0m[0m[0m[0m[0m[0m[0m[0m[0m[0m[0m[0m[0m[0m[0m[0m[0m[0m[0m[0m[0m[0m[0m[0m[0m[0m[0m[0m[0m[0m[0m[0m[0m[0m[0m[0m[0m[0m[0m[0m[0m[0m[0m[0m[0m[0m[0m[0m[0m[0m[0m[0m[0m[0m[0m[0m[0m[0m[0m[0m[0m[0m[0m[0m[0m[0m[0m[0m[0m[0m[0m[0m[0m[0m[0m[0m[0m[0m[0m[0m[0m[0m[0m[0m[0m[0m[0m[0m[0m[0m[0m[0m[0m[0m[0m[0m[0m[0m[0m[0m[0m[0m[0m[0m[0m[0m[0m[0m[0m[0m[0m[0m[0m[0m[0m[0m[0m[0m[0m[0m[0m[0m[0m[0m[0m[0m[0m[0m[0m[0m[0m[0m[0m[0m[0m[0m[0m[0m[0m[0m[0m[0m[0m[0m[0m[0m[0m[0m[0m[0m[0m[0m[0m[0m[0m[0m[0m[0m[0m[0m[0m[0m[0m[0m[0m[0m[0m[0m[0m[0m[0m[0m[0m[0m[0m[0m[0m[0m[0m[0m[0m[0m[0m[0m[0m[0m[0m[0m[0m[0m[0m[0m[0m[0m[0m[0m[0m[0m[0m[0m[0m[0m[0m[0m[0m[0m[0m[0m[0m[0m[0m[0m[0m[0m[0m[0m[0m[0m[0m[0m[0m[0m[0m[0m[0m[0m[0m[0m[0m[0m[0m[0m[0m[0m[0m[0m[0m[0m[0m[0m[0m[0m[0m[0m[0m[0m[0m[0m[0m[0m[0m[0m[0m[0m[0m[0m[0m[0m[0m[0m[0m[0m[0m[0m[0m[0m[0m[0m[0m[0m[0m[0m[0m[0m[0m[0m[0m[0m[0m[0m[0m[0m[0m[0m[0m[0m[0m[0m[0m[0m[0m[0m[0m[0m[0m[0m[0m[0m[0m[0m[0m[0m[0m[0m[0m