block_dict= [(0, 288)]
nbatch= 1
SIZE= 401
Lx,Ly= 4 4
D= 2
rate= 0.1 0.5
cond= 0.001 0.001
nparams= 288
	burn in time= 2.863617420196533
	burn in time= 0.6706750392913818
	sample time= 18.4154212474823
	contraction err= 3.16644230840901e-17 2.3167805070242355e-16

Mean energy: -7.11708253e+00
Block size    # of blocks        Mean                Error
     1           50000       -7.11708253e+00       2.794295e-03
     2           25000       -7.11708253e+00       2.787543e-03
     5           10000       -7.11708253e+00       2.802326e-03
    10           5000       -7.11708253e+00       2.774192e-03
    20           2500       -7.11708253e+00       2.729189e-03
    50           1000       -7.11708253e+00       2.730588e-03
    70            714       -7.11716508e+00       2.683920e-03
   100            500       -7.11708253e+00       2.677252e-03
   200            250       -7.11708253e+00       2.665871e-03
   500            100       -7.11708253e+00       2.462850e-03
0 0.0027942951224021895 0.0024628495668569295
Stocahstic error estimate: 2.794295e-03

step=0,E=-0.4448176583864092,dE=-0.4448176583864092,err=0.00017464344515013685,gmax=0.038043315204713934
	collect data time= 0.4648129940032959
	solver time=2.050405740737915,exit status=0
	g=0.21092457082406427,del=5.082648746992508,dot=0.2854158126337465,x=5.162336134517489
niter= 36
	burn in time= 0.6863811016082764
	sample time= 15.284574031829834
	contraction err= 3.1479181848298594e-17 2.3167805070242355e-16

Mean energy: -7.16830543e+00
Block size    # of blocks        Mean                Error
     1           50000       -7.16830543e+00       2.525643e-03
     2           25000       -7.16830543e+00       2.534259e-03
     5           10000       -7.16830543e+00       2.524719e-03
    10           5000       -7.16830543e+00       2.518712e-03
    20           2500       -7.16830543e+00       2.535716e-03
    50           1000       -7.16830543e+00       2.518149e-03
    70            714       -7.16834040e+00       2.472983e-03
   100            500       -7.16830543e+00       2.544482e-03
   200            250       -7.16830543e+00       2.647942e-03
   500            100       -7.16830543e+00       2.657291e-03
0 0.002534259085879097 0.0026572913429563985
Stocahstic error estimate: 2.534259e-03

step=1,E=-0.44801908953978103,dE=-0.0032014311533718476,err=0.00015839119286744356,gmax=0.04964669191217452
	collect data time= 0.4626803398132324
	solver time=0.0491023063659668,exit status=0
	g=0.2658668089988195,del=3.0656032592670837,dot=0.1981650997541884,x=5.199874188661445
niter= 38
	burn in time= 0.6879663467407227
	sample time= 15.131357431411743
	contraction err= 3.075955569811788e-17 1.983691805618265e-16

Mean energy: -7.19862957e+00
Block size    # of blocks        Mean                Error
     1           50000       -7.19862957e+00       2.420135e-03
     2           25000       -7.19862957e+00       2.422693e-03
     5           10000       -7.19862957e+00       2.417350e-03
    10           5000       -7.19862957e+00       2.390073e-03
    20           2500       -7.19862957e+00       2.391255e-03
    50           1000       -7.19862957e+00       2.458043e-03
    70            714       -7.19866578e+00       2.411142e-03
   100            500       -7.19862957e+00       2.511788e-03
   200            250       -7.19862957e+00       2.570756e-03
   500            100       -7.19862957e+00       2.614190e-03
0 0.0024226932631729843 0.0026141903790786627
Stocahstic error estimate: 2.422693e-03

step=2,E=-0.4499143482462059,dE=-0.0018952587064248738,err=0.00015141832894831152,gmax=0.07872883353609894
	collect data time= 0.600665807723999
	solver time=0.047215938568115234,exit status=0
	g=0.29882318654035056,del=2.574359499258786,dot=0.16590861702604456,x=5.222115341806997
niter= 39
	burn in time= 0.6640927791595459
	sample time= 15.030123233795166
	contraction err= 3.7800967284853026e-17 2.8516018171727643e-16

Mean energy: -7.22694731e+00
Block size    # of blocks        Mean                Error
     1           50000       -7.22694731e+00       2.263712e-03
     2           25000       -7.22694731e+00       2.267768e-03
     5           10000       -7.22694731e+00       2.266006e-03
    10           5000       -7.22694731e+00       2.288444e-03
    20           2500       -7.22694731e+00       2.305260e-03
    50           1000       -7.22694731e+00       2.370712e-03
    70            714       -7.22691369e+00       2.364575e-03
   100            500       -7.22694731e+00       2.430816e-03
   200            250       -7.22694731e+00       2.442423e-03
   500            100       -7.22694731e+00       2.703647e-03
0 0.002267767699686981 0.002703647112535242
Stocahstic error estimate: 2.267768e-03

step=3,E=-0.4516842070258873,dE=-0.001769858779681388,err=0.00014173548123043632,gmax=0.05571667540836489
	collect data time= 0.7873420715332031
niter= 40
	solver time=0.09072279930114746,exit status=0
	g=0.3073486140368819,del=2.7055538495105615,dot=0.1372048583979625,x=5.250605411525221
	burn in time= 0.6704390048980713
	sample time= 14.905755043029785
	contraction err= 2.698458815984711e-17 2.8516018171727643e-16

Mean energy: -7.24959962e+00
Block size    # of blocks        Mean                Error
     1           50000       -7.24959962e+00       2.350469e-03
     2           25000       -7.24959962e+00       2.341246e-03
     5           10000       -7.24959962e+00       2.337703e-03
    10           5000       -7.24959962e+00       2.334664e-03
    20           2500       -7.24959962e+00       2.365876e-03
    50           1000       -7.24959962e+00       2.364264e-03
    70            714       -7.24965578e+00       2.382999e-03
   100            500       -7.24959962e+00       2.349924e-03
   200            250       -7.24959962e+00       2.339348e-03
   500            100       -7.24959962e+00       2.385162e-03
0 0.0023504689573908984 0.0023851615237019627
Stocahstic error estimate: 2.350469e-03

step=4,E=-0.4530999763308397,dE=-0.0014157693049524078,err=0.00014690430983693115,gmax=0.08924733799296836
	collect data time= 1.02927827835083
	solver time=0.09001922607421875,exit status=0
	g=0.3241813661023107,del=2.4298989626366323,dot=0.14763456580293066,x=5.267457266021377
niter= 40
	burn in time= 0.6989340782165527
	sample time= 14.812864065170288
	contraction err= 2.2415136207882195e-17 1.2108183856697907e-16

Mean energy: -7.27170478e+00
Block size    # of blocks        Mean                Error
     1           50000       -7.27170478e+00       2.157604e-03
     2           25000       -7.27170478e+00       2.159751e-03
     5           10000       -7.27170478e+00       2.171678e-03
    10           5000       -7.27170478e+00       2.150564e-03
    20           2500       -7.27170478e+00       2.122647e-03
    50           1000       -7.27170478e+00       2.076669e-03
    70            714       -7.27167921e+00       2.050763e-03
   100            500       -7.27170478e+00       2.074010e-03
   200            250       -7.27170478e+00       2.042796e-03
   500            100       -7.27170478e+00       2.174547e-03
0 0.0021597512344053945 0.0021745469221058555
Stocahstic error estimate: 2.159751e-03

step=5,E=-0.45448154900075605,dE=-0.0013815726699163422,err=0.00013498445215033716,gmax=0.05268013013441131
	collect data time= 1.1964390277862549
	solver time=0.0538787841796875,exit status=0
	g=0.31181167183602965,del=2.4427924898799063,dot=0.11138175415787238,x=5.28840535240854
niter= 41
	burn in time= 0.6782553195953369
	sample time= 14.692557573318481
	contraction err= 1.6850613717610166e-17 1.2108183856697907e-16

Mean energy: -7.28547989e+00
Block size    # of blocks        Mean                Error
     1           50000       -7.28547989e+00       2.125952e-03
     2           25000       -7.28547989e+00       2.124631e-03
     5           10000       -7.28547989e+00       2.141483e-03
    10           5000       -7.28547989e+00       2.123777e-03
    20           2500       -7.28547989e+00       2.114014e-03
    50           1000       -7.28547989e+00       2.067481e-03
    70            714       -7.28544928e+00       2.060128e-03
   100            500       -7.28547989e+00       2.090411e-03
   200            250       -7.28547989e+00       1.975477e-03
   500            100       -7.28547989e+00       2.015862e-03
0 0.002125952394325837 0.002015861573599364
Stocahstic error estimate: 2.125952e-03

step=6,E=-0.45534249338391847,dE=-0.0008609443831624208,err=0.00013287202464536482,gmax=0.052074329645165784
	collect data time= 1.3938677310943604
niter= 40
	solver time=0.04841136932373047,exit status=0
	g=0.2956542100642827,del=2.576514001865357,dot=0.09632495264015452,x=5.3165463637715416
	burn in time= 0.724977970123291
	sample time= 14.597491264343262
	contraction err= 2.1926811257278873e-17 1.2698738830184646e-16

Mean energy: -7.30248741e+00
Block size    # of blocks        Mean                Error
     1           50000       -7.30248741e+00       2.240682e-03
     2           25000       -7.30248741e+00       2.232010e-03
     5           10000       -7.30248741e+00       2.223057e-03
    10           5000       -7.30248741e+00       2.217645e-03
    20           2500       -7.30248741e+00       2.213376e-03
    50           1000       -7.30248741e+00       2.182896e-03
    70            714       -7.30249368e+00       2.218317e-03
   100            500       -7.30248741e+00       2.273257e-03
   200            250       -7.30248741e+00       2.388776e-03
   500            100       -7.30248741e+00       2.245101e-03
0 0.0022406823531562004 0.002245100998993502
Stocahstic error estimate: 2.240682e-03

step=7,E=-0.456405463363777,dE=-0.0010629699798585523,err=0.00014004264707226252,gmax=0.05427895597360766
	collect data time= 1.6469371318817139
	solver time=0.04882621765136719,exit status=0
niter= 40
	g=0.30366967715453397,del=2.431606882928977,dot=0.12161571782091599,x=5.336903048258265
	burn in time= 0.7162716388702393
	sample time= 14.496787071228027
	contraction err= 3.051343949170615e-17 2.269935733502987e-16

Mean energy: -7.31275103e+00
Block size    # of blocks        Mean                Error
     1           50000       -7.31275103e+00       2.164488e-03
     2           25000       -7.31275103e+00       2.163626e-03
     5           10000       -7.31275103e+00       2.168303e-03
    10           5000       -7.31275103e+00       2.161040e-03
    20           2500       -7.31275103e+00       2.138385e-03
    50           1000       -7.31275103e+00       2.180821e-03
    70            714       -7.31273647e+00       2.245515e-03
   100            500       -7.31275103e+00       2.238558e-03
   200            250       -7.31275103e+00       2.209301e-03
   500            100       -7.31275103e+00       2.207128e-03
0 0.0021644879494267066 0.0022071282046267
Stocahstic error estimate: 2.164488e-03

step=8,E=-0.45704693935678503,dE=-0.0006414759930080116,err=0.00013528049683916916,gmax=0.050682944619960146
	collect data time= 1.8138556480407715
	solver time=0.05098533630371094,exit status=0
niter= 41
	g=0.2888669741667137,del=2.2909861205439475,dot=0.08942381337345869,x=5.363404378754214
	burn in time= 0.680978536605835
	sample time= 14.386036396026611
	contraction err= 1.790427299696638e-17 2.269935733502987e-16

Mean energy: -7.32514241e+00
Block size    # of blocks        Mean                Error
     1           50000       -7.32514241e+00       2.189737e-03
     2           25000       -7.32514241e+00       2.186511e-03
     5           10000       -7.32514241e+00       2.191086e-03
    10           5000       -7.32514241e+00       2.186155e-03
    20           2500       -7.32514241e+00       2.177531e-03
    50           1000       -7.32514241e+00       2.232498e-03
    70            714       -7.32513089e+00       2.161834e-03
   100            500       -7.32514241e+00       2.267648e-03
   200            250       -7.32514241e+00       2.273658e-03
   500            100       -7.32514241e+00       2.202660e-03
0 0.002189736661737056 0.002202660259436501
Stocahstic error estimate: 2.189737e-03

step=9,E=-0.4578214004233006,dE=-0.0007744610665155749,err=0.000136858541358566,gmax=0.09327955012567735
	collect data time= 2.031510591506958
	solver time=0.05071830749511719,exit status=0
	g=0.2966815827701847,del=2.319905609797977,dot=0.11516915855032668,x=5.394752042477415
niter= 40
[0m[0m[0m[0m[0m[0m[0m[0m[0m[0m[0m[0m[0m[0m[0m[0m[0m[0m[0m[0m[0m[0m[0m[0m[0m[0m[0m[0m[0m[0m[0m[0m[0m[0m[0m[0m[0m[0m[0m[0m[0m[0m[0m[0m[0m[0m[0m[0m[0m[0m[0m[0m[0m[0m[0m[0m[0m[0m[0m[0m[0m[0m[0m[0m[0m[0m[0m[0m[0m[0m[0m[0m[0m[0m[0m[0m[0m[0m[0m[0m[0m[0m[0m[0m[0m[0m[0m[0m[0m[0m[0m[0m[0m[0m[0m[0m[0m[0m[0m[0m[0m[0m[0m[0m[0m[0m[0m[0m[0m[0m[0m[0m[0m[0m[0m[0m[0m[0m[0m[0m[0m[0m[0m[0m[0m[0m[0m[0m[0m[0m[0m[0m[0m[0m[0m[0m[0m[0m[0m[0m[0m[0m[0m[0m[0m[0m[0m[0m[0m[0m[0m[0m[0m[0m[0m[0m[0m[0m[0m[0m[0m[0m[0m[0m[0m[0m[0m[0m[0m[0m[0m[0m[0m[0m[0m[0m[0m[0m[0m[0m[0m[0m[0m[0m[0m[0m[0m[0m[0m[0m[0m[0m[0m[0m[0m[0m[0m[0m[0m[0m[0m[0m[0m[0m[0m[0m[0m[0m[0m[0m[0m[0m[0m[0m[0m[0m[0m[0m[0m[0m[0m[0m[0m[0m[0m[0m[0m[0m[0m[0m[0m[0m[0m[0m[0m[0m[0m[0m[0m[0m[0m[0m[0m[0m[0m[0m[0m[0m[0m[0m[0m[0m[0m[0m[0m[0m[0m[0m[0m[0m[0m[0m[0m[0m[0m[0m[0m[0m[0m[0m[0m[0m[0m[0m[0m[0m[0m[0m[0m[0m[0m[0m[0m[0m[0m[0m[0m[0m[0m[0m[0m[0m[0m[0m[0m[0m[0m[0m[0m[0m[0m[0m[0m[0m[0m[0m[0m[0m[0m[0m[0m[0m[0m[0m[0m[0m[0m[0m[0m[0m[0m[0m[0m[0m[0m[0m[0m[0m[0m[0m[0m[0m[0m[0m[0m[0m[0m[0m[0m[0m[0m[0m[0m[0m[0m[0m[0m[0m[0m[0m[0m[0m[0m[0m[0m[0m[0m[0m[0m[0m[0m[0m[0m[0m[0m[0m[0m[0m[0m[0m[0m[0m[0m[0m[0m[0m[0m[0m[0m[0m[0m[0m[0m[0m[0m[0m[0m[0m[0m[0m[0m[0m[0m[0m[0m[0m[0m[0m[0m[0m[0m